// Jest Snapshot v1, https://goo.gl/fbAQLP

exports[`App App renders 1`] = `
<div
  id="notfound"
>
  <div
    class="notfound"
  >
    <div
      class="notfound-404"
    >
      <h1>
        404
      </h1>
    </div>
    <h2>
      Oops, The Page you are looking for can't be found!
    </h2>
    <a
      href="#/dolcenada/"
      onClick={[Function]}
    >
      <span
        class="arrow"
      />
      Return To Homepage
    </a>
  </div>
</div>
`;
